// Vitest Snapshot v1, https://vitest.dev/guide/snapshot.html

exports[`AddMemberModal.vue > Emits > Should trigger searchUsers on keyup.stop > 
        [
          [
            {
              "address": "",
              "isValid": false,
              "name": "Farrel",
            },
          ],
        ]
       1`] = `
[
  [
    {
      "address": "",
      "isValid": false,
      "name": "Farrel",
    },
  ],
]
`;

exports[`AddMemberModal.vue > Emits > Should trigger searchUsers on keyup.stop > 
        [
          [
            {
              "address": "0xaFeF48F7718c51fb7C6d1B314B3991D2e1d8421E",
              "isValid": true,
              "name": "Farrel",
            },
          ],
          [
            {
              "address": "0xaFeF48F7718c51fb7C6d1B314B3991D2e1d8421E",
              "isValid": true,
              "name": "Farrel",
            },
          ],
        ]
       1`] = `
[
  [
    {
      "address": "0xaFeF48F7718c51fb7C6d1B314B3991D2e1d8421E",
      "isValid": true,
      "name": "Farrel",
    },
  ],
  [
    {
      "address": "0xaFeF48F7718c51fb7C6d1B314B3991D2e1d8421E",
      "isValid": true,
      "name": "Farrel",
    },
  ],
]
`;

exports[`AddMemberModal.vue > Snapshot > matches the snapshot 1`] = `
"<h1 class="font-bold text-2xl">Add New Member</h1>
<hr>
<div class="input-group mt-3"><label class="input input-bordered flex items-center gap-2 input-md"><input type="text" class="w-24" placeholder="Member Name 1"> | <input type="text" class="grow" placeholder="Wallet Address 1"><span class="badge badge-primary">Mandatory</span></label></div>
<!--v-if-->
<div class="flex justify-end pt-3">
  <div class="w-6 h-6 cursor-pointer" data-test="plus-icon"><svg xmlns="http://www.w3.org/2000/svg" viewBox="0 0 24 24" fill="currentColor" aria-hidden="true" data-slot="icon" class="size-6 text-green-700">
      <path fill-rule="evenodd" d="M12 2.25c-5.385 0-9.75 4.365-9.75 9.75s4.365 9.75 9.75 9.75 9.75-4.365 9.75-9.75S17.385 2.25 12 2.25ZM12.75 9a.75.75 0 0 0-1.5 0v2.25H9a.75.75 0 0 0 0 1.5h2.25V15a.75.75 0 0 0 1.5 0v-2.25H15a.75.75 0 0 0 0-1.5h-2.25V9Z" clip-rule="evenodd"></path>
    </svg></div>
  <div class="w-6 h-6 cursor-pointer" data-test="minus-icon"><svg xmlns="http://www.w3.org/2000/svg" viewBox="0 0 24 24" fill="currentColor" aria-hidden="true" data-slot="icon" class="size-6 text-red-700">
      <path fill-rule="evenodd" d="M12 2.25c-5.385 0-9.75 4.365-9.75 9.75s4.365 9.75 9.75 9.75 9.75-4.365 9.75-9.75S17.385 2.25 12 2.25Zm3 10.5a.75.75 0 0 0 0-1.5H9a.75.75 0 0 0 0 1.5h6Z" clip-rule="evenodd"></path>
    </svg></div>
</div>
<div class="flex justify-center"><button class="btn btn-primary justify-center">Add</button></div>"
`;
